[freshcart.codescandy.com/index.html]
[backblue.gif]
[fade.gif]
[index.html]
[freshcart.codescandy.com/assets/libs/slick-carousel/slick/slick.css]
[freshcart.codescandy.com/assets/libs/slick-carousel/slick/slick-theme.css]
[freshcart.codescandy.com/assets/libs/tiny-slider/dist/tiny-slider.css]
[freshcart.codescandy.com/assets/images/favicon/favicon.ico]
[freshcart.codescandy.com/assets/libs/bootstrap-icons/font/bootstrap-icons.min.css]
[freshcart.codescandy.com/assets/libs/feather-webfont/dist/feather-icons.css]
[freshcart.codescandy.com/assets/libs/simplebar/dist/simplebar.min.css]
[freshcart.codescandy.com/assets/css/theme.min.css]
[freshcart.codescandy.com/assets/images/logo/freshcart-logo.svg]
[freshcart.codescandy.com/pages/shop-wishlist.html]
[freshcart.codescandy.com/pages/shop-grid.html]
[freshcart.codescandy.com/pages/index-2.html]
[freshcart.codescandy.com/pages/index-3.html]
[freshcart.codescandy.com/pages/index-4.html]
[freshcart.codescandy.com/pages/index-5.html]
[freshcart.codescandy.com/pages/shop-grid-3-column.html]
[freshcart.codescandy.com/pages/shop-list.html]
[freshcart.codescandy.com/pages/shop-filter.html]
[freshcart.codescandy.com/pages/shop-fullwidth.html]
[freshcart.codescandy.com/pages/shop-single.html]
[freshcart.codescandy.com/pages/shop-single-2.html]
[freshcart.codescandy.com/pages/shop-cart.html]
[freshcart.codescandy.com/pages/shop-checkout.html]
[freshcart.codescandy.com/pages/store-list.html]
[freshcart.codescandy.com/pages/store-grid.html]
[freshcart.codescandy.com/pages/store-single.html]
[freshcart.codescandy.com/assets/images/banner/menu-banner.jpg]
[freshcart.codescandy.com/pages/blog.html]
[freshcart.codescandy.com/pages/blog-single.html]
[freshcart.codescandy.com/pages/blog-category.html]
[freshcart.codescandy.com/pages/about.html]
[freshcart.codescandy.com/pages/404error.html]
[freshcart.codescandy.com/pages/contact.html]
[freshcart.codescandy.com/pages/signin.html]
[freshcart.codescandy.com/pages/signup.html]
[freshcart.codescandy.com/pages/forgot-password.html]
[freshcart.codescandy.com/pages/account-orders.html]
[freshcart.codescandy.com/pages/account-settings.html]
[freshcart.codescandy.com/pages/account-address.html]
[freshcart.codescandy.com/pages/account-payment-method.html]
[freshcart.codescandy.com/pages/account-notification.html]
[freshcart.codescandy.com/dashboard/index.html]
[freshcart.codescandy.com/docs/index.html]
[freshcart.codescandy.com/docs/changelog.html]
[freshcart.codescandy.com/assets/images/products/product-img-1.jpg]
[freshcart.codescandy.com/assets/images/products/product-img-2.jpg]
[freshcart.codescandy.com/assets/images/products/product-img-3.jpg]
[freshcart.codescandy.com/assets/images/products/product-img-4.jpg]
[freshcart.codescandy.com/assets/images/products/product-img-5.jpg]
[freshcart.codescandy.com/assets/images/slider/slide-1.jpg]
[freshcart.codescandy.com/assets/images/slider/slider-2.jpg]
[freshcart.codescandy.com/assets/images/category/category-dairy-bread-eggs.jpg]
[freshcart.codescandy.com/assets/images/category/category-snack-munchies.jpg]
[freshcart.codescandy.com/assets/images/category/category-bakery-biscuits.jpg]
[freshcart.codescandy.com/assets/images/category/category-instant-food.jpg]
[freshcart.codescandy.com/assets/images/category/category-tea-coffee-drinks.jpg]
[freshcart.codescandy.com/assets/images/category/category-atta-rice-dal.jpg]
[freshcart.codescandy.com/assets/images/category/category-baby-care.jpg]
[freshcart.codescandy.com/assets/images/category/category-chicken-meat-fish.jpg]
[freshcart.codescandy.com/assets/images/category/category-cleaning-essentials.jpg]
[freshcart.codescandy.com/assets/images/category/category-pet-care.jpg]
[freshcart.codescandy.com/assets/images/banner/grocery-banner.png]
[freshcart.codescandy.com/assets/images/banner/grocery-banner-2.jpg]
[freshcart.codescandy.com/assets/images/products/product-img-6.jpg]
[freshcart.codescandy.com/assets/images/products/product-img-7.jpg]
[freshcart.codescandy.com/assets/images/products/product-img-8.jpg]
[freshcart.codescandy.com/assets/images/products/product-img-9.jpg]
[freshcart.codescandy.com/assets/images/products/product-img-10.jpg]
[freshcart.codescandy.com/assets/images/banner/banner-deal.jpg]
[freshcart.codescandy.com/assets/images/products/product-img-11.jpg]
[freshcart.codescandy.com/assets/images/products/product-img-12.jpg]
[freshcart.codescandy.com/assets/images/products/product-img-13.jpg]
[freshcart.codescandy.com/assets/images/icons/clock.svg]
[freshcart.codescandy.com/assets/images/icons/gift.svg]
[freshcart.codescandy.com/assets/images/icons/package.svg]
[freshcart.codescandy.com/assets/images/icons/refresh-cw.svg]
[freshcart.codescandy.com/assets/images/products/product-single-img-1.jpg]
[freshcart.codescandy.com/assets/images/products/product-single-img-2.jpg]
[freshcart.codescandy.com/assets/images/products/product-single-img-3.jpg]
[freshcart.codescandy.com/assets/images/products/product-single-img-4.jpg]
[freshcart.codescandy.com/assets/images/payment/amazonpay.svg]
[freshcart.codescandy.com/assets/images/payment/american-express.svg]
[freshcart.codescandy.com/assets/images/payment/mastercard.svg]
[freshcart.codescandy.com/assets/images/payment/paypal.svg]
[freshcart.codescandy.com/assets/images/payment/visa.svg]
[freshcart.codescandy.com/assets/images/appbutton/appstore-btn.svg]
[freshcart.codescandy.com/assets/images/appbutton/googleplay-btn.svg]
[freshcart.codescandy.com/assets/libs/jquery/dist/jquery.min.js]
[freshcart.codescandy.com/assets/libs/bootstrap/dist/js/bootstrap.bundle.min.js]
[freshcart.codescandy.com/assets/libs/simplebar/dist/simplebar.min.js]
[freshcart.codescandy.com/assets/js/theme.min.js]
[freshcart.codescandy.com/assets/libs/jquery-countdown/dist/jquery.countdown.min.js]
[freshcart.codescandy.com/assets/js/vendors/countdown.js]
[freshcart.codescandy.com/assets/libs/slick-carousel/slick/slick.min.js]
[freshcart.codescandy.com/assets/js/vendors/slick-slider.js]
[freshcart.codescandy.com/assets/libs/tiny-slider/dist/min/tiny-slider.js]
[freshcart.codescandy.com/assets/js/vendors/tns-slider.js]
[freshcart.codescandy.com/assets/js/vendors/zoom.js]
[freshcart.codescandy.com/index.html]
[freshcart.codescandy.com/assets/libs/slick-carousel/slick/slick.css]
[freshcart.codescandy.com/assets/js/vendors/increment-value.js]
[freshcart.codescandy.com/assets/libs/slick-carousel/slick/ajax-loader.gif]
[freshcart.codescandy.com/assets/libs/slick-carousel/slick/fonts/slick.eot]
[freshcart.codescandy.com/assets/libs/slick-carousel/slick/fonts/slickd41d.eot]
[freshcart.codescandy.com/assets/libs/slick-carousel/slick/fonts/slick.woff]
[freshcart.codescandy.com/assets/libs/slick-carousel/slick/fonts/slick.ttf]
[freshcart.codescandy.com/assets/libs/slick-carousel/slick/slick-theme.css]
[freshcart.codescandy.com/assets/libs/tiny-slider/dist/tiny-slider.css]
[freshcart.codescandy.com/assets/libs/slick-carousel/slick/fonts/slick.svg]
[freshcart.codescandy.com/assets/libs/bootstrap-icons/font/fonts/bootstrap-iconse52a.woff2]
[freshcart.codescandy.com/assets/libs/bootstrap-icons/font/fonts/bootstrap-iconse52a.woff]
[freshcart.codescandy.com/assets/libs/bootstrap-icons/font/bootstrap-icons.min.css]
[freshcart.codescandy.com/assets/libs/feather-webfont/dist/feather-icons5f41.eot]
[freshcart.codescandy.com/assets/libs/feather-webfont/dist/feather-icons5f41.woff]
[freshcart.codescandy.com/assets/libs/feather-webfont/dist/feather-icons.css]
[freshcart.codescandy.com/assets/libs/simplebar/dist/simplebar.min.css]
[freshcart.codescandy.com/assets/css/theme.min.css]
[freshcart.codescandy.com/assets/images/logo/freshcart-logo.svg]
[freshcart.codescandy.com/assets/libs/feather-webfont/dist/feather-icons5f41.ttf]
[freshcart.codescandy.com/index-2.html]
[freshcart.codescandy.com/pages/index.6f.delayed]
[freshcart.codescandy.com/assets/images/products/product-img-18.jpg]
[freshcart.codescandy.com/assets/images/products/product-img-17.jpg]
[freshcart.codescandy.com/assets/images/products/product-img-16.jpg]
[freshcart.codescandy.com/assets/images/products/product-img-19.jpg]
[freshcart.codescandy.com/assets/images/products/product-img-15.jpg]
[freshcart.codescandy.com/pages/shop-wishlist.html]
[freshcart.codescandy.com/assets/libs/nouislider/dist/nouislider.min.css]
[freshcart.codescandy.com/assets/images/banner/assortment-citrus-fruits.png]
[freshcart.codescandy.com/assets/libs/nouislider/dist/nouislider.min.js]
[freshcart.codescandy.com/pages/shop-grid.html]
[freshcart.codescandy.com/assets/libs/wnumb/wNumb.min.js]
[freshcart.codescandy.com/assets/images/about/about-icons-1.svg]
[freshcart.codescandy.com/assets/images/banner/ad-banner-1.jpg]
[freshcart.codescandy.com/assets/images/banner/ad-banner-2.jpg]
[freshcart.codescandy.com/assets/images/banner/ad-banner-3.jpg]
[freshcart.codescandy.com/assets/images/category/category-fruits-vegetables.jpg]
[freshcart.codescandy.com/assets/images/category/category-cold-drinks-juices.jpg]
[freshcart.codescandy.com/assets/images/png/iphone-2.png]
[freshcart.codescandy.com/pages/index-2.html]
[freshcart.codescandy.com/assets/images/slider/slider-image-1.jpg]
[freshcart.codescandy.com/assets/images/slider/slider-image-2.jpg]
[freshcart.codescandy.com/assets/images/slider/slider-image-3.jpg]
[freshcart.codescandy.com/assets/images/category/dairy-bread-eggs.png]
[freshcart.codescandy.com/assets/images/category/fruits-vegetables.png]
[freshcart.codescandy.com/assets/images/category/snack-munchies.png]
[freshcart.codescandy.com/assets/images/category/bakery-biscuits.png]
[freshcart.codescandy.com/assets/images/category/instant-food.png]
[freshcart.codescandy.com/assets/images/category/tea-coffee-drinks.png]
[freshcart.codescandy.com/assets/images/category/cold-drinks-juices.png]
[freshcart.codescandy.com/assets/images/category/chicken-meat-fish.png]
[freshcart.codescandy.com/assets/images/category/baby-care.png]
[freshcart.codescandy.com/assets/images/category/cleaning-essentials.png]
[freshcart.codescandy.com/assets/images/category/pet-care.png]
[freshcart.codescandy.com/assets/images/category/atta-rice-dal.png]
[freshcart.codescandy.com/assets/images/svg-graphics/store-graphics.svg]
[freshcart.codescandy.com/assets/images/svg-graphics/pattern.svg]
[freshcart.codescandy.com/assets/images/png/girl-email.png]
[freshcart.codescandy.com/pages/index-3.html]
[freshcart.codescandy.com/assets/images/svg-graphics/delivery-boy.svg]
[freshcart.codescandy.com/assets/images/banner/banner-4.jpg]
[freshcart.codescandy.com/assets/images/banner/ad-banner-4.jpg]
[freshcart.codescandy.com/assets/images/banner/ad-banner-5.jpg]
[freshcart.codescandy.com/assets/images/banner/ad-banner-6.jpg]
[freshcart.codescandy.com/assets/images/stores-logo/stores-logo-1.svg]
[freshcart.codescandy.com/assets/images/stores-logo/stores-logo-2.svg]
[freshcart.codescandy.com/assets/images/stores-logo/stores-logo-3.svg]
[freshcart.codescandy.com/assets/images/blog/blog-img-1.jpg]
[freshcart.codescandy.com/assets/images/blog/blog-img-2.jpg]
[freshcart.codescandy.com/assets/images/blog/blog-img-3.jpg]
[freshcart.codescandy.com/assets/images/blog/blog-img-4.jpg]
[freshcart.codescandy.com/pages/index-4.html]
[freshcart.codescandy.com/assets/images/logo/freshcart-white-logo.svg]
[freshcart.codescandy.com/assets/images/slider/hero-img-slider-1.jpg]
[freshcart.codescandy.com/assets/images/slider/hero-img-slider-2.jpg]
[freshcart.codescandy.com/assets/images/slider/hero-img-slider-3.jpg]
[freshcart.codescandy.com/assets/images/avatar/avatar-1.jpg]
[freshcart.codescandy.com/pages/pages/shop-single.html]
[freshcart.codescandy.com/assets/images/products/deal-img.jpg]
[freshcart.codescandy.com/assets/images/banner/modal_img.jpg]
[freshcart.codescandy.com/assets/libs/sticky-sidebar/dist/sticky-sidebar.min.js]
[freshcart.codescandy.com/assets/js/vendors/sticky.js]
[freshcart.codescandy.com/pages/index-5.html]
[freshcart.codescandy.com/pages/shop-grid-3-column.html]
[freshcart.codescandy.com/pages/shop-list.html]
[freshcart.codescandy.com/pages/shop-filter.html]
[freshcart.codescandy.com/pages/shop-fullwidth.html]
[freshcart.codescandy.com/assets/js/vendors/modal.js]
[freshcart.codescandy.com/assets/libs/dropzone/dist/min/dropzone.min.css]
[freshcart.codescandy.com/assets/images/avatar/avatar-10.jpg]
[freshcart.codescandy.com/assets/images/avatar/avatar-12.jpg]
[freshcart.codescandy.com/assets/images/avatar/avatar-9.jpg]
[freshcart.codescandy.com/assets/images/avatar/avatar-8.jpg]
[freshcart.codescandy.com/assets/libs/rater-js/index.js]
[freshcart.codescandy.com/pages/shop-single.html]
[freshcart.codescandy.com/pages/shop-single-2.html]
[freshcart.codescandy.com/pages/shop-cart.html]
[freshcart.codescandy.com/assets/libs/dropzone/dist/min/dropzone.min.js]
[freshcart.codescandy.com/pages/shop-checkout.html]
[freshcart.codescandy.com/assets/libs/flatpickr/dist/flatpickr.min.js]
[freshcart.codescandy.com/assets/images/stores-logo/stores-logo-4.svg]
[freshcart.codescandy.com/assets/images/stores-logo/stores-logo-5.svg]
[freshcart.codescandy.com/assets/images/stores-logo/stores-logo-6.svg]
[freshcart.codescandy.com/assets/images/stores-logo/stores-logo-7.svg]
[freshcart.codescandy.com/assets/images/stores-logo/stores-logo-8.svg]
[freshcart.codescandy.com/pages/store-list.html]
[freshcart.codescandy.com/pages/store-grid.html]
[freshcart.codescandy.com/pages/store-single.html]
[freshcart.codescandy.com/assets/images/stores-logo/stores-logo-9.svg]
[freshcart.codescandy.com/assets/images/blog/blog-large.jpg]
[freshcart.codescandy.com/assets/images/blog/blog-img-5.jpg]
[freshcart.codescandy.com/assets/images/blog/blog-img-6.jpg]
[freshcart.codescandy.com/assets/images/blog/blog-img-7.jpg]
[freshcart.codescandy.com/assets/images/blog/blog-img-8.jpg]
[freshcart.codescandy.com/assets/images/blog/blog-img-9.jpg]
[freshcart.codescandy.com/pages/blog.html]
[freshcart.codescandy.com/assets/images/blog/blogImage.jpg]
[freshcart.codescandy.com/assets/images/blog/left-img.jpg]
[freshcart.codescandy.com/assets/images/blog/right-img.jpg]
[freshcart.codescandy.com/assets/images/avatar/avatar-4.jpg]
[freshcart.codescandy.com/pages/blog-single.html]
[freshcart.codescandy.com/pages/blog-category.html]
[freshcart.codescandy.com/assets/images/about/about-img.jpg]
[freshcart.codescandy.com/assets/images/about/about-icons-2.svg]
[freshcart.codescandy.com/assets/images/about/about-icons-3.svg]
[freshcart.codescandy.com/assets/images/about/team-1.png]
[freshcart.codescandy.com/assets/images/about/team-2.png]
[freshcart.codescandy.com/assets/images/about/team-3.png]
[freshcart.codescandy.com/assets/images/about/team-4.png]
[freshcart.codescandy.com/assets/images/about/team-5.png]
[freshcart.codescandy.com/pages/about.html]
[freshcart.codescandy.com/pages/404error.html]
[freshcart.codescandy.com/pages/contact.html]
[freshcart.codescandy.com/assets/images/svg-graphics/error.svg]
[freshcart.codescandy.com/assets/images/svg-graphics/signin-g.svg]
[freshcart.codescandy.com/pages/signin.html]
[freshcart.codescandy.com/assets/js/vendors/password.js]
[freshcart.codescandy.com/pages/signup.html]
[freshcart.codescandy.com/assets/images/svg-graphics/signup-g.svg]
[freshcart.codescandy.com/pages/forgot-password.html]
[freshcart.codescandy.com/pages/account-orders.html]
[freshcart.codescandy.com/pages/account-settings.html]
[freshcart.codescandy.com/pages/account-address.html]
[freshcart.codescandy.com/assets/images/svg-graphics/fp-g.svg]
[freshcart.codescandy.com/assets/images/svg-graphics/visa.svg]
[freshcart.codescandy.com/assets/images/svg-graphics/mastercard.svg]
[freshcart.codescandy.com/assets/images/svg-graphics/discover.svg]
[freshcart.codescandy.com/assets/images/svg-graphics/americanexpress.svg]
[freshcart.codescandy.com/assets/images/svg-graphics/paypal.svg]
[freshcart.codescandy.com/assets/libs/inputmask/dist/jquery.inputmask.min.js]
[freshcart.codescandy.com/pages/account-payment-method.html]
[freshcart.codescandy.com/pages/account-notification.html]
[freshcart.codescandy.com/assets/js/vendors/inputmask.js]
[freshcart.codescandy.com/assets/images/avatar/avatar-5.jpg]
[freshcart.codescandy.com/assets/images/avatar/avatar-2.jpg]
[freshcart.codescandy.com/dashboard/products.html]
[freshcart.codescandy.com/dashboard/categories.html]
[freshcart.codescandy.com/dashboard/order-list.html]
[freshcart.codescandy.com/dashboard/order-single.html]
[freshcart.codescandy.com/dashboard/vendor-grid.html]
[freshcart.codescandy.com/dashboard/customers.html]
[freshcart.codescandy.com/dashboard/reviews.html]
[freshcart.codescandy.com/assets/libs/apexcharts/dist/apexcharts.min.js]
[freshcart.codescandy.com/dashboard/index.html]
[freshcart.codescandy.com/assets/js/vendors/chart.js]
[freshcart.codescandy.com/assets/libs/prismjs/themes/prism-okaidia.min.css]
[freshcart.codescandy.com/docs/environment-setup.html]
[freshcart.codescandy.com/docs/working-with-gulp.html]
[freshcart.codescandy.com/docs/compiled-files.html]
[freshcart.codescandy.com/docs/file-structure.html]
[freshcart.codescandy.com/docs/resources-assets.html]
[freshcart.codescandy.com/docs/typography.html]
[freshcart.codescandy.com/docs/colors.html]
[freshcart.codescandy.com/docs/shadows.html]
[freshcart.codescandy.com/docs/icons.html]
[freshcart.codescandy.com/docs/components/card.html]
[freshcart.codescandy.com/docs/components/counter.html]
[freshcart.codescandy.com/docs/components/cta.html]
[freshcart.codescandy.com/docs/components/ecommerce.html]
[freshcart.codescandy.com/docs/components/features.html]
[freshcart.codescandy.com/docs/components/filter.html]
[freshcart.codescandy.com/docs/components/footer.html]
[freshcart.codescandy.com/docs/components/form.html]
[freshcart.codescandy.com/docs/components/list.html]
[freshcart.codescandy.com/docs/components/navbar.html]
[freshcart.codescandy.com/docs/components/review.html]
[freshcart.codescandy.com/docs/components/sidebar.html]
[freshcart.codescandy.com/docs/components/slider.html]
[freshcart.codescandy.com/docs/components/table.html]
[freshcart.codescandy.com/docs/accordions.html]
[freshcart.codescandy.com/docs/alerts.html]
[freshcart.codescandy.com/docs/badge.html]
[freshcart.codescandy.com/docs/breadcrumb.html]
[freshcart.codescandy.com/docs/buttons.html]
[freshcart.codescandy.com/docs/button-group.html]
[freshcart.codescandy.com/docs/card.html]
[freshcart.codescandy.com/docs/carousel.html]
[freshcart.codescandy.com/docs/close-button.html]
[freshcart.codescandy.com/docs/collapse.html]
[freshcart.codescandy.com/docs/dropdowns.html]
[freshcart.codescandy.com/docs/list-group.html]
[freshcart.codescandy.com/docs/modal.html]
[freshcart.codescandy.com/docs/navs-tabs.html]
[freshcart.codescandy.com/docs/navbar.html]
[freshcart.codescandy.com/docs/offcanvas.html]
[freshcart.codescandy.com/docs/pagination.html]
[freshcart.codescandy.com/docs/placeholders.html]
[freshcart.codescandy.com/docs/popovers.html]
[freshcart.codescandy.com/docs/progress.html]
[freshcart.codescandy.com/docs/scrollspy.html]
[freshcart.codescandy.com/docs/spinners.html]
[freshcart.codescandy.com/docs/tables.html]
[freshcart.codescandy.com/docs/toasts.html]
[freshcart.codescandy.com/docs/tooltips.html]
[freshcart.codescandy.com/docs/forms.html]
[freshcart.codescandy.com/docs/input-group.html]
[freshcart.codescandy.com/docs/background.html]
[freshcart.codescandy.com/docs/borders.html]
[freshcart.codescandy.com/docs/colored-links.html]
[freshcart.codescandy.com/docs/opacity.html]
[freshcart.codescandy.com/docs/ratio.html]
[freshcart.codescandy.com/docs/stacks.html]
[freshcart.codescandy.com/docs/text-color.html]
[freshcart.codescandy.com/docs/text.html]
[freshcart.codescandy.com/docs/text-truncation.html]
[freshcart.codescandy.com/docs/vertical-rule.html]
[freshcart.codescandy.com/assets/images/docs/gulp.jpg]
[freshcart.codescandy.com/assets/libs/prismjs/prism.js]
[freshcart.codescandy.com/assets/libs/prismjs/components/prism-scss.min.js]
[freshcart.codescandy.com/assets/libs/prismjs/plugins/toolbar/prism-toolbar.min.js]
[freshcart.codescandy.com/assets/libs/prismjs/plugins/copy-to-clipboard/prism-copy-to-clipboard.min.js]
[freshcart.codescandy.com/docs/index.html]
[freshcart.codescandy.com/docs/changelog.html]
[freshcart.codescandy.com/assets/images/icons/clock.svg]
[freshcart.codescandy.com/assets/images/icons/gift.svg]
[freshcart.codescandy.com/assets/images/icons/package.svg]
[freshcart.codescandy.com/assets/images/icons/refresh-cw.svg]
[freshcart.codescandy.com/assets/images/payment/amazonpay.svg]
[freshcart.codescandy.com/assets/images/payment/american-express.svg]
[freshcart.codescandy.com/assets/images/payment/mastercard.svg]
[freshcart.codescandy.com/assets/images/payment/paypal.svg]
[freshcart.codescandy.com/assets/images/payment/visa.svg]
[freshcart.codescandy.com/assets/images/appbutton/appstore-btn.svg]
[freshcart.codescandy.com/assets/images/appbutton/googleplay-btn.svg]
[freshcart.codescandy.com/assets/libs/slick-carousel/slick/fonts/slick.svg]
[freshcart.codescandy.com/index-2.html]
[freshcart.codescandy.com/pages/index.html]
[freshcart.codescandy.com/assets/libs/nouislider/dist/nouislider.min.css]
[freshcart.codescandy.com/assets/images/about/about-icons-1.svg]
[freshcart.codescandy.com/assets/images/svg-graphics/store-graphics.svg]
[freshcart.codescandy.com/assets/images/svg-graphics/pattern.svg]
[freshcart.codescandy.com/assets/images/svg-graphics/delivery-boy.svg]
[freshcart.codescandy.com/assets/images/stores-logo/stores-logo-1.svg]
[freshcart.codescandy.com/assets/images/stores-logo/stores-logo-2.svg]
[freshcart.codescandy.com/assets/images/stores-logo/stores-logo-3.svg]
[freshcart.codescandy.com/assets/images/logo/freshcart-white-logo.svg]
[freshcart.codescandy.com/pages/pages/shop-single.html]
[freshcart.codescandy.com/assets/libs/dropzone/dist/min/dropzone.min.css]
[freshcart.codescandy.com/assets/images/stores-logo/stores-logo-4.svg]
[freshcart.codescandy.com/assets/images/stores-logo/stores-logo-5.svg]
[freshcart.codescandy.com/assets/images/stores-logo/stores-logo-6.svg]
[freshcart.codescandy.com/assets/images/stores-logo/stores-logo-7.svg]
[freshcart.codescandy.com/assets/images/stores-logo/stores-logo-8.svg]
[freshcart.codescandy.com/assets/images/stores-logo/stores-logo-9.svg]
[freshcart.codescandy.com/assets/images/about/about-icons-2.svg]
[freshcart.codescandy.com/assets/images/about/about-icons-3.svg]
[freshcart.codescandy.com/assets/images/svg-graphics/error.svg]
[freshcart.codescandy.com/assets/images/svg-graphics/signin-g.svg]
[freshcart.codescandy.com/assets/images/svg-graphics/signup-g.svg]
[freshcart.codescandy.com/assets/images/svg-graphics/fp-g.svg]
[freshcart.codescandy.com/assets/images/svg-graphics/visa.svg]
[freshcart.codescandy.com/assets/images/svg-graphics/mastercard.svg]
[freshcart.codescandy.com/assets/images/svg-graphics/discover.svg]
[freshcart.codescandy.com/assets/images/svg-graphics/americanexpress.svg]
[freshcart.codescandy.com/assets/images/svg-graphics/paypal.svg]
[freshcart.codescandy.com/assets/js/vendors/sidebarMenu.js]
[freshcart.codescandy.com/dashboard/products.html]
[freshcart.codescandy.com/dashboard/add-product.html]
[freshcart.codescandy.com/dashboard/add-category.html]
[freshcart.codescandy.com/assets/images/icons/snacks.svg]
[freshcart.codescandy.com/assets/images/icons/bakery.svg]
[freshcart.codescandy.com/assets/images/icons/baby-food.svg]
[freshcart.codescandy.com/assets/images/icons/wine.svg]
[freshcart.codescandy.com/assets/images/icons/toiletries.svg]
[freshcart.codescandy.com/assets/images/icons/dairy.svg]
[freshcart.codescandy.com/assets/images/icons/fish.svg]
[freshcart.codescandy.com/assets/images/icons/fruit.svg]
[freshcart.codescandy.com/dashboard/categories.html]
[freshcart.codescandy.com/dashboard/order-list.html]
[freshcart.codescandy.com/dashboard/order-single.html]
[freshcart.codescandy.com/assets/images/icons/petfoods.svg]
[freshcart.codescandy.com/dashboard/vendor-grid.html]
[freshcart.codescandy.com/dashboard/vendor-list.html]
[freshcart.codescandy.com/assets/images/avatar/avatar-3.jpg]
[freshcart.codescandy.com/assets/images/avatar/avatar-6.jpg]
[freshcart.codescandy.com/assets/images/avatar/avatar-7.jpg]
[freshcart.codescandy.com/assets/images/avatar/avatar-11.jpg]
[freshcart.codescandy.com/dashboard/customers.html]
[freshcart.codescandy.com/dashboard/reviews.html]
[freshcart.codescandy.com/assets/libs/prismjs/themes/prism-okaidia.min.css]
[freshcart.codescandy.com/assets/images/docs/nodejs.jpg]
[freshcart.codescandy.com/assets/images/docs/sass.jpg]
[freshcart.codescandy.com/assets/images/docs/bootstrap.jpg]
[freshcart.codescandy.com/docs/environment-setup.html]
[freshcart.codescandy.com/docs/working-with-gulp.html]
[freshcart.codescandy.com/docs/compiled-files.html]
[freshcart.codescandy.com/docs/file-structure.html]
[freshcart.codescandy.com/docs/resources-assets.html]
[freshcart.codescandy.com/docs/typography.html]
[freshcart.codescandy.com/docs/colors.html]
[freshcart.codescandy.com/docs/shadows.html]
[freshcart.codescandy.com/docs/icons.html]
[freshcart.codescandy.com/docs/components/shop-single.html]
[freshcart.codescandy.com/docs/components/shop-wishlist.html]
[freshcart.codescandy.com/docs/components/card.html]
[freshcart.codescandy.com/docs/components/counter.html]
[freshcart.codescandy.com/docs/components/cta.html]
[freshcart.codescandy.com/docs/components/ecommerce.html]
[freshcart.codescandy.com/docs/components/features.html]
[freshcart.codescandy.com/docs/components/filter.html]
[freshcart.codescandy.com/docs/components/footer.html]
[freshcart.codescandy.com/docs/components/form.html]
[freshcart.codescandy.com/docs/components/list.html]
[freshcart.codescandy.com/docs/components/index.html]
[freshcart.codescandy.com/docs/components/navbar.html]
[freshcart.codescandy.com/docs/components/account-orders.html]
[freshcart.codescandy.com/docs/components/account-settings.html]
[freshcart.codescandy.com/docs/components/account-address.html]
[freshcart.codescandy.com/docs/components/account-payment-method.html]
[freshcart.codescandy.com/docs/components/account-notification.html]
[freshcart.codescandy.com/docs/components/review.html]
[freshcart.codescandy.com/docs/components/sidebar.html]
[freshcart.codescandy.com/docs/components/slider.html]
[freshcart.codescandy.com/docs/components/table.html]
[freshcart.codescandy.com/docs/accordions.html]
[freshcart.codescandy.com/docs/alerts.html]
[freshcart.codescandy.com/docs/badge.html]
[freshcart.codescandy.com/docs/breadcrumb.html]
[freshcart.codescandy.com/docs/buttons.html]
[freshcart.codescandy.com/docs/button-group.html]
[freshcart.codescandy.com/docs/card.html]
[freshcart.codescandy.com/docs/carousel.html]
[freshcart.codescandy.com/docs/close-button.html]
[freshcart.codescandy.com/docs/collapse.html]
[freshcart.codescandy.com/docs/dropdowns.html]
[freshcart.codescandy.com/docs/list-group.html]
[freshcart.codescandy.com/docs/modal.html]
[freshcart.codescandy.com/docs/navs-tabs.html]
[freshcart.codescandy.com/docs/navbar.html]
[freshcart.codescandy.com/docs/offcanvas.html]
[freshcart.codescandy.com/docs/pagination.html]
[freshcart.codescandy.com/assets/images/docs/placeholder-4by3.svg]
[freshcart.codescandy.com/assets/images/docs/4by3.jpg]
[freshcart.codescandy.com/docs/placeholders.html]
[freshcart.codescandy.com/docs/popovers.html]
[freshcart.codescandy.com/docs/progress.html]
[freshcart.codescandy.com/docs/scrollspy.html]
[freshcart.codescandy.com/docs/spinners.html]
[freshcart.codescandy.com/docs/tables.html]
[freshcart.codescandy.com/docs/toasts.html]
[freshcart.codescandy.com/docs/tooltips.html]
[freshcart.codescandy.com/docs/forms.html]
[freshcart.codescandy.com/docs/input-group.html]
[freshcart.codescandy.com/docs/background.html]
[freshcart.codescandy.com/docs/4.3/utilities/colors/index.html]
[freshcart.codescandy.com/assets/images/docs/placeholder-img.jpg]
[freshcart.codescandy.com/docs/borders.html]
[freshcart.codescandy.com/docs/colored-links.html]
[freshcart.codescandy.com/docs/opacity.html]
[freshcart.codescandy.com/docs/ratio.html]
[freshcart.codescandy.com/docs/stacks.html]
[freshcart.codescandy.com/docs/text-color.html]
[freshcart.codescandy.com/docs/text.html]
[freshcart.codescandy.com/docs/text-truncation.html]
[freshcart.codescandy.com/docs/vertical-rule.html]
[freshcart.codescandy.com/assets/libs/quill/dist/quill.min.js]
[freshcart.codescandy.com/dashboard/add-product.html]
[freshcart.codescandy.com/dashboard/add-category.html]
[freshcart.codescandy.com/assets/images/icons/snacks.svg]
[freshcart.codescandy.com/assets/images/icons/bakery.svg]
[freshcart.codescandy.com/assets/images/icons/baby-food.svg]
[freshcart.codescandy.com/assets/images/icons/wine.svg]
[freshcart.codescandy.com/assets/images/icons/toiletries.svg]
[freshcart.codescandy.com/assets/images/icons/dairy.svg]
[freshcart.codescandy.com/assets/images/icons/fish.svg]
[freshcart.codescandy.com/assets/images/icons/fruit.svg]
[freshcart.codescandy.com/assets/images/icons/petfoods.svg]
[freshcart.codescandy.com/dashboard/vendor-list.html]
[freshcart.codescandy.com/docs/components/shop-single.html]
[freshcart.codescandy.com/docs/components/shop-wishlist.html]
[freshcart.codescandy.com/docs/components/index.html]
[freshcart.codescandy.com/docs/components/account-orders.html]
[freshcart.codescandy.com/docs/components/account-settings.html]
[freshcart.codescandy.com/docs/components/account-address.html]
[freshcart.codescandy.com/docs/components/account-payment-method.html]
[freshcart.codescandy.com/docs/components/account-notification.html]
[freshcart.codescandy.com/assets/images/docs/placeholder-4by3.svg]
[freshcart.codescandy.com/docs/4.3/utilities/colors/index.html]
[freshcart.codescandy.com/assets/js/vendors/editor.js]
